<rss version="2.0"><channel><title>W3Schools Home Page</title></channel></rss>
